====================================================
   P3P3DS PC Bootstrap Execution Harness
====================================================
Target ELF:       profiles/p3p/game/eboot.elf
Dispatch budget:  100000
Verify mode:      STRICT (--verify-milestone)
ELF Type:         65440 (PSP PRX relocatable)
Runtime Entry:    0x08804108
Relocations:      178513 total (R_26=81398, R_32=14572, R_HI=37395, R_LO=45148)
Module Info:      p3p v1.1
Module GP:        0x08C42A50
Module Stubs:     0x08B801DC - 0x08B80394
Stack Arena:      0x09FF0000 - 0x0A000000
Initial SP:       0x09FFFF00
Initial RA:       0x00000020 (Thread return sentinel)
Initial A0 / A1:  0x00000000 / 0x00000000
Registered Entries: 1386 (functions, block labels, and import wrappers)

Starting execution at 0x08804108...
[THREAD CREATE] uid=2 name=user_main entry=0x880421c priority=32 stack=0x9fb0000-0x9ff0000
[THREAD START] uid=2 name=user_main args=0
[THREAD EXIT] uid=1 name=root status=0 ready=1
[GE CALLBACK] id=0 signal=0x08B63AD0 signal_arg=0x08E07278 finish=0x08B63B50 finish_arg=0x08E07278
[GE ENQUEUE] id=1 start=0x08BB40D4 stall=0x00000000 cb=-1 context=0x00000000 stacks=0 stack=0x00000000
[GE COMPLETED] id=1 commands=212 completions=1
[GE ENQUEUE] id=2 start=0x48D14600 stall=0x48D14600 cb=0 context=0x00000000 stacks=32 stack=0x08E077F0
[DISPLAY] sceDisplaySetMode(mode=0, width=480, height=272)
[GE COMPLETED] id=2 commands=29 completions=1
[GE CALLBACK COMPLETE] id=0 token=0 end=0x08D14674

====================================================
   [P3P3DS VISUAL PROBE] REAL PSP FRAMEBUFFER SET!
====================================================
  topaddr:      0x4088000
  bufferwidth:  512
  pixelformat:  3 (0:565, 1:5551, 2:4444, 3:8888)
  sync:         1
====================================================


=== Execution Result ===
Stop Reason:      No recompiled function registered at 0x08B1C594
Stopped:          yes
Final Guest PC:   0x08B1C594
Kernel SDK Ver:   0x06020010

=== Guest Register State ===
  PC: 0x08B1C594
  zero = 0x00000000  at   = 0x00000000  v0   = 0x08BB0000  v1   = 0x0000000F  
  a0   = 0x08EE8448  a1   = 0x000000E3  a2   = 0x08E00000  a3   = 0x08ED6DB8  
  t0   = 0x00000003  t1   = 0x08EE8450  t2   = 0x00000000  t3   = 0x08E054B0  
  t4   = 0x00000002  t5   = 0x08C3A638  t6   = 0x00000404  t7   = 0x00000101  
  s0   = 0x08EE8448  s1   = 0x08EF9DC8  s2   = 0x00000000  s3   = 0x08E10000  
  s4   = 0x08E10000  s5   = 0x00000000  s6   = 0x00000000  s7   = 0x00000000  
  t8   = 0x08EF6500  t9   = 0x08EF912C  k0   = 0x09FEFF00  k1   = 0x00000000  
  gp   = 0x08C42A50  sp   = 0x09FEF910  fp   = 0x09FEFEC0  ra   = 0x08AB3164  
  Stack words: 0xFFFFFFFF 0xFFFFFFFF 0xFFFFFFFF 0xFFFFFFFF 0xFFFFFFFF 0xFFFFFFFF 0xFFFFFFFF 0xFFFFFFFF

====================================================
   P3P3DS GUEST VRAM & FRAMEBUFFER PROBE
====================================================
Display State:
  Active:           YES
  Registered Addr:  0x4088000
  Dimensions:       480x272
  Buffer Stride:    512 pixels
  Pixel Format:     3 (3 = RGBA8888)
  Sync Mode:        1

--- Probing Buffer 0 (Primary / Front Target) at 0x4000000 ---
  Backed by VRAM:   YES
  Raw pointer:      VALID
  Buffer size:      557056 bytes (0x88000)
  Non-zero bytes:   0 / 557056 (0.00%)
  Status:           EMPTY (All 0x00 bytes)
--- Probing Buffer 1 (Alternate / sceDisplaySetFrameBuf Target) at 0x4088000 ---
  Backed by VRAM:   YES
  Raw pointer:      VALID
  Buffer size:      557056 bytes (0x88000)
  Non-zero bytes:   0 / 557056 (0.00%)
  Status:           EMPTY (All 0x00 bytes)

--- Entire 2 MiB PSP VRAM Summary ---
  VRAM total size:  2097152 bytes (2 MiB)
  Non-zero bytes:   0 / 2097152 (0.00%)

--- GE Display List Inspection: Consumed GE prefix (0x8bb40d4 -> 0x8bb40d4) ---
  [00] 0x00000000 -> OP=0x00, ARG=0x000000 (NOP)
  [01] 0x01000000 -> OP=0x01, ARG=0x000000 (VADDR: 0x0)
  [02] 0x02000000 -> OP=0x02, ARG=0x000000 (IADDR: 0x0)
  [03] 0x10000000 -> OP=0x10, ARG=0x000000 (BASE: 0x0)
  [04] 0x12000000 -> OP=0x12, ARG=0x000000 (VERTEXTYPE: 0x0)
  [05] 0x13000000 -> OP=0x13, ARG=0x000000 (OFFSETADDR: 0x0)
  [06] 0x15000000 -> OP=0x15, ARG=0x000000 (REGION1)
  [07] 0x16000000 -> OP=0x16, ARG=0x000000 (REGION2)
  [08] 0x17000000 -> OP=0x17, ARG=0x000000
  [09] 0x18000000 -> OP=0x18, ARG=0x000000
  [10] 0x19000000 -> OP=0x19, ARG=0x000000
  [11] 0x1a000000 -> OP=0x1a, ARG=0x000000
  [12] 0x1b000000 -> OP=0x1b, ARG=0x000000
  [13] 0x1c000000 -> OP=0x1c, ARG=0x000000
  [14] 0x1d000000 -> OP=0x1d, ARG=0x000000
  [15] 0x1e000000 -> OP=0x1e, ARG=0x000000
  [16] 0x1f000000 -> OP=0x1f, ARG=0x000000
  [17] 0x20000000 -> OP=0x20, ARG=0x000000
  [18] 0x21000000 -> OP=0x21, ARG=0x000000
  [19] 0x22000000 -> OP=0x22, ARG=0x000000
  [20] 0x23000000 -> OP=0x23, ARG=0x000000
  [21] 0x24000000 -> OP=0x24, ARG=0x000000
  [22] 0x25000000 -> OP=0x25, ARG=0x000000
  [23] 0x26000000 -> OP=0x26, ARG=0x000000
  [24] 0x27000000 -> OP=0x27, ARG=0x000000
  [25] 0x28000000 -> OP=0x28, ARG=0x000000
  [26] 0x2a000000 -> OP=0x2a, ARG=0x000000
  [27] 0x2b000000 -> OP=0x2b, ARG=0x000000
  [28] 0x2c000000 -> OP=0x2c, ARG=0x000000
  [29] 0x2d000000 -> OP=0x2d, ARG=0x000000
  [30] 0x2e000000 -> OP=0x2e, ARG=0x000000
  [31] 0x2f000000 -> OP=0x2f, ARG=0x000000
  [32] 0x30000000 -> OP=0x30, ARG=0x000000
  [33] 0x31000000 -> OP=0x31, ARG=0x000000
  [34] 0x32000000 -> OP=0x32, ARG=0x000000
  [35] 0x33000000 -> OP=0x33, ARG=0x000000
  [36] 0x36000000 -> OP=0x36, ARG=0x000000
  [37] 0x37000000 -> OP=0x37, ARG=0x000000
  [38] 0x38000000 -> OP=0x38, ARG=0x000000
  [39] 0x3a000000 -> OP=0x3a, ARG=0x000000
  [40] 0x3b000000 -> OP=0x3b, ARG=0x000000
  [41] 0x3c000000 -> OP=0x3c, ARG=0x000000
  [42] 0x3d000000 -> OP=0x3d, ARG=0x000000
  [43] 0x3e000000 -> OP=0x3e, ARG=0x000000
  [44] 0x3f000000 -> OP=0x3f, ARG=0x000000
  [45] 0x40000000 -> OP=0x40, ARG=0x000000
  [46] 0x41000000 -> OP=0x41, ARG=0x000000
  [47] 0x42000000 -> OP=0x42, ARG=0x000000
  [48] 0x43000000 -> OP=0x43, ARG=0x000000
  [49] 0x44000000 -> OP=0x44, ARG=0x000000
  [50] 0x45000000 -> OP=0x45, ARG=0x000000
  [51] 0x46000000 -> OP=0x46, ARG=0x000000
  [52] 0x47000000 -> OP=0x47, ARG=0x000000
  [53] 0x48000000 -> OP=0x48, ARG=0x000000
  [54] 0x49000000 -> OP=0x49, ARG=0x000000
  [55] 0x4a000000 -> OP=0x4a, ARG=0x000000
  [56] 0x4b000000 -> OP=0x4b, ARG=0x000000
  [57] 0x4c000000 -> OP=0x4c, ARG=0x000000
  [58] 0x4d000000 -> OP=0x4d, ARG=0x000000
  [59] 0x50000000 -> OP=0x50, ARG=0x000000
  [60] 0x51000000 -> OP=0x51, ARG=0x000000
  [61] 0x53000000 -> OP=0x53, ARG=0x000000
  [62] 0x54000000 -> OP=0x54, ARG=0x000000
  [63] 0x55000000 -> OP=0x55, ARG=0x000000
  [64] 0x56000000 -> OP=0x56, ARG=0x000000
  [65] 0x57000000 -> OP=0x57, ARG=0x000000
  [66] 0x58000000 -> OP=0x58, ARG=0x000000
  [67] 0x5b000000 -> OP=0x5b, ARG=0x000000
  [68] 0x5c000000 -> OP=0x5c, ARG=0x000000
  [69] 0x5d000000 -> OP=0x5d, ARG=0x000000
  [70] 0x5e000000 -> OP=0x5e, ARG=0x000000
  [71] 0x5f000000 -> OP=0x5f, ARG=0x000000
  [72] 0x60000000 -> OP=0x60, ARG=0x000000
  [73] 0x61000000 -> OP=0x61, ARG=0x000000
  [74] 0x62000000 -> OP=0x62, ARG=0x000000
  [75] 0x63000000 -> OP=0x63, ARG=0x000000
  [76] 0x64000000 -> OP=0x64, ARG=0x000000
  [77] 0x65000000 -> OP=0x65, ARG=0x000000
  [78] 0x66000000 -> OP=0x66, ARG=0x000000
  [79] 0x67000000 -> OP=0x67, ARG=0x000000
  [80] 0x68000000 -> OP=0x68, ARG=0x000000
  [81] 0x69000000 -> OP=0x69, ARG=0x000000
  [82] 0x6a000000 -> OP=0x6a, ARG=0x000000
  [83] 0x6b000000 -> OP=0x6b, ARG=0x000000
  [84] 0x6c000000 -> OP=0x6c, ARG=0x000000
  [85] 0x6d000000 -> OP=0x6d, ARG=0x000000
  [86] 0x6e000000 -> OP=0x6e, ARG=0x000000
  [87] 0x6f000000 -> OP=0x6f, ARG=0x000000
  [88] 0x70000000 -> OP=0x70, ARG=0x000000
  [89] 0x71000000 -> OP=0x71, ARG=0x000000
  [90] 0x72000000 -> OP=0x72, ARG=0x000000
  [91] 0x73000000 -> OP=0x73, ARG=0x000000
  [92] 0x74000000 -> OP=0x74, ARG=0x000000
  [93] 0x75000000 -> OP=0x75, ARG=0x000000
  [94] 0x76000000 -> OP=0x76, ARG=0x000000
  [95] 0x77000000 -> OP=0x77, ARG=0x000000
  [96] 0x78000000 -> OP=0x78, ARG=0x000000
  [97] 0x79000000 -> OP=0x79, ARG=0x000000
  [98] 0x7a000000 -> OP=0x7a, ARG=0x000000
  [99] 0x7b000000 -> OP=0x7b, ARG=0x000000
  [100] 0x7c000000 -> OP=0x7c, ARG=0x000000
  [101] 0x7d000000 -> OP=0x7d, ARG=0x000000
  [102] 0x7e000000 -> OP=0x7e, ARG=0x000000
  [103] 0x7f000000 -> OP=0x7f, ARG=0x000000
  [104] 0x80000000 -> OP=0x80, ARG=0x000000
  [105] 0x81000000 -> OP=0x81, ARG=0x000000
  [106] 0x82000000 -> OP=0x82, ARG=0x000000
  [107] 0x83000000 -> OP=0x83, ARG=0x000000
  [108] 0x84000000 -> OP=0x84, ARG=0x000000
  [109] 0x85000000 -> OP=0x85, ARG=0x000000
  [110] 0x86000000 -> OP=0x86, ARG=0x000000
  [111] 0x87000000 -> OP=0x87, ARG=0x000000
  [112] 0x88000000 -> OP=0x88, ARG=0x000000
  [113] 0x89000000 -> OP=0x89, ARG=0x000000
  [114] 0x8a000000 -> OP=0x8a, ARG=0x000000
  [115] 0x8b000000 -> OP=0x8b, ARG=0x000000
  [116] 0x8c000000 -> OP=0x8c, ARG=0x000000
  [117] 0x8d000000 -> OP=0x8d, ARG=0x000000
  [118] 0x8e000000 -> OP=0x8e, ARG=0x000000
  [119] 0x8f000000 -> OP=0x8f, ARG=0x000000
  [120] 0x90000000 -> OP=0x90, ARG=0x000000
  [121] 0x91000000 -> OP=0x91, ARG=0x000000
  [122] 0x92000000 -> OP=0x92, ARG=0x000000
  [123] 0x93000000 -> OP=0x93, ARG=0x000000
  [124] 0x94000000 -> OP=0x94, ARG=0x000000
  [125] 0x95000000 -> OP=0x95, ARG=0x000000
  [126] 0x96000000 -> OP=0x96, ARG=0x000000
  [127] 0x97000000 -> OP=0x97, ARG=0x000000
  [128] 0x98000000 -> OP=0x98, ARG=0x000000
  [129] 0x99000000 -> OP=0x99, ARG=0x000000
  [130] 0x9a000000 -> OP=0x9a, ARG=0x000000
  [131] 0x9b000000 -> OP=0x9b, ARG=0x000000
  [132] 0x9c000000 -> OP=0x9c, ARG=0x000000 (FRAMEBUFPTR: 0x0)
  [133] 0x9d000000 -> OP=0x9d, ARG=0x000000 (FRAMEBUFWIDTH: 0)
  [134] 0x9e000000 -> OP=0x9e, ARG=0x000000
  [135] 0x9f000000 -> OP=0x9f, ARG=0x000000
  [136] 0xa0000000 -> OP=0xa0, ARG=0x000000
  [137] 0xa1000000 -> OP=0xa1, ARG=0x000000
  [138] 0xa2000000 -> OP=0xa2, ARG=0x000000
  [139] 0xa3000000 -> OP=0xa3, ARG=0x000000
  [140] 0xa4000000 -> OP=0xa4, ARG=0x000000
  [141] 0xa5000000 -> OP=0xa5, ARG=0x000000
  [142] 0xa6000000 -> OP=0xa6, ARG=0x000000
  [143] 0xa7000000 -> OP=0xa7, ARG=0x000000
  [144] 0xa8000000 -> OP=0xa8, ARG=0x000000
  [145] 0xa9000000 -> OP=0xa9, ARG=0x000000
  [146] 0xaa000000 -> OP=0xaa, ARG=0x000000
  [147] 0xab000000 -> OP=0xab, ARG=0x000000
  [148] 0xac000000 -> OP=0xac, ARG=0x000000
  [149] 0xad000000 -> OP=0xad, ARG=0x000000
  [150] 0xae000000 -> OP=0xae, ARG=0x000000
  [151] 0xaf000000 -> OP=0xaf, ARG=0x000000
  [152] 0xb0000000 -> OP=0xb0, ARG=0x000000
  [153] 0xb1000000 -> OP=0xb1, ARG=0x000000
  [154] 0xb2000000 -> OP=0xb2, ARG=0x000000
  [155] 0xb3000000 -> OP=0xb3, ARG=0x000000
  [156] 0xb4000000 -> OP=0xb4, ARG=0x000000
  [157] 0xb5000000 -> OP=0xb5, ARG=0x000000
  [158] 0xb8000000 -> OP=0xb8, ARG=0x000000
  [159] 0xb9000000 -> OP=0xb9, ARG=0x000000
  [160] 0xba000000 -> OP=0xba, ARG=0x000000
  [161] 0xbb000000 -> OP=0xbb, ARG=0x000000
  [162] 0xbc000000 -> OP=0xbc, ARG=0x000000
  [163] 0xbd000000 -> OP=0xbd, ARG=0x000000
  [164] 0xbe000000 -> OP=0xbe, ARG=0x000000
  [165] 0xbf000000 -> OP=0xbf, ARG=0x000000
  [166] 0xc0000000 -> OP=0xc0, ARG=0x000000
  [167] 0xc1000000 -> OP=0xc1, ARG=0x000000
  [168] 0xc2000000 -> OP=0xc2, ARG=0x000000
  [169] 0xc3000000 -> OP=0xc3, ARG=0x000000
  [170] 0xc4000000 -> OP=0xc4, ARG=0x000000
  [171] 0xc5000000 -> OP=0xc5, ARG=0x000000
  [172] 0xc6000000 -> OP=0xc6, ARG=0x000000
  [173] 0xc7000000 -> OP=0xc7, ARG=0x000000
  [174] 0xc8000000 -> OP=0xc8, ARG=0x000000
  [175] 0xc9000000 -> OP=0xc9, ARG=0x000000
  [176] 0xca000000 -> OP=0xca, ARG=0x000000
  [177] 0xcb000000 -> OP=0xcb, ARG=0x000000
  [178] 0xcc000000 -> OP=0xcc, ARG=0x000000
  [179] 0xcd000000 -> OP=0xcd, ARG=0x000000
  [180] 0xce000000 -> OP=0xce, ARG=0x000000
  [181] 0xcf000000 -> OP=0xcf, ARG=0x000000
  [182] 0xd0000000 -> OP=0xd0, ARG=0x000000
  [183] 0xd2000000 -> OP=0xd2, ARG=0x000000 (FRAMEBUFPIXFORMAT: 0)
  [184] 0xd3000000 -> OP=0xd3, ARG=0x000000 (CLEARMODE: color=0, alpha/stencil=0, depth=0)
  [185] 0xd4000000 -> OP=0xd4, ARG=0x000000 (SCISSOR1)
  [186] 0xd5000000 -> OP=0xd5, ARG=0x000000 (SCISSOR2)
  [187] 0xd6000000 -> OP=0xd6, ARG=0x000000 (MINZ)
  [188] 0xd7000000 -> OP=0xd7, ARG=0x000000 (MAXZ)
  [189] 0xd8000000 -> OP=0xd8, ARG=0x000000
  [190] 0xd9000000 -> OP=0xd9, ARG=0x000000
  [191] 0xda000000 -> OP=0xda, ARG=0x000000
  [192] 0xdb000000 -> OP=0xdb, ARG=0x000000
  [193] 0xdc000000 -> OP=0xdc, ARG=0x000000
  [194] 0xdd000000 -> OP=0xdd, ARG=0x000000
  [195] 0xde000000 -> OP=0xde, ARG=0x000000
  [196] 0xdf000000 -> OP=0xdf, ARG=0x000000
  [197] 0xe0000000 -> OP=0xe0, ARG=0x000000
  [198] 0xe1000000 -> OP=0xe1, ARG=0x000000
  [199] 0xe2000000 -> OP=0xe2, ARG=0x000000
  [200] 0xe3000000 -> OP=0xe3, ARG=0x000000
  [201] 0xe4000000 -> OP=0xe4, ARG=0x000000
  [202] 0xe5000000 -> OP=0xe5, ARG=0x000000
  [203] 0xe6000000 -> OP=0xe6, ARG=0x000000
  [204] 0xe7000000 -> OP=0xe7, ARG=0x000000
  [205] 0xe8000000 -> OP=0xe8, ARG=0x000000
  [206] 0xe9000000 -> OP=0xe9, ARG=0x000000
  [207] 0xeb000000 -> OP=0xeb, ARG=0x000000
  [208] 0xec000000 -> OP=0xec, ARG=0x000000
  [209] 0xee000000 -> OP=0xee, ARG=0x000000
  [210] 0x0f000000 -> OP=0x0f, ARG=0x000000 (FINISH)
  [211] 0x0c000000 -> OP=0x0c, ARG=0x000000 (END)

--- GE Display List Inspection: Consumed GE prefix (0x48d14600 -> 0x8d14600) ---
  [00] 0xe2001d0c -> OP=0xe2, ARG=0x001d0c
  [01] 0xe300f3e2 -> OP=0xe3, ARG=0x00f3e2
  [02] 0xe4000c1d -> OP=0xe4, ARG=0x000c1d
  [03] 0xe500e2f3 -> OP=0xe5, ARG=0x00e2f3
  [04] 0x36001010 -> OP=0x36, ARG=0x001010
  [05] 0x53000007 -> OP=0x53, ARG=0x000007
  [06] 0x5b3f8000 -> OP=0x5b, ARG=0x3f8000
  [07] 0x483f8000 -> OP=0x48, ARG=0x3f8000
  [08] 0x493f8000 -> OP=0x49, ARG=0x3f8000
  [09] 0xd2000001 -> OP=0xd2, ARG=0x000001 (FRAMEBUFPIXFORMAT: 1)
  [10] 0x9d0001e0 -> OP=0x9d, ARG=0x0001e0 (FRAMEBUFWIDTH: 480)
  [11] 0x9c000000 -> OP=0x9c, ARG=0x000000 (FRAMEBUFPTR: 0x0)
  [12] 0xd2000003 -> OP=0xd2, ARG=0x000003 (FRAMEBUFPIXFORMAT: 3)
  [13] 0x9d000200 -> OP=0x9d, ARG=0x000200 (FRAMEBUFWIDTH: 512)
  [14] 0x9c000000 -> OP=0x9c, ARG=0x000000 (FRAMEBUFPTR: 0x0)
  [15] 0x9f000200 -> OP=0x9f, ARG=0x000200
  [16] 0x9e110000 -> OP=0x9e, ARG=0x110000
  [17] 0x4c007100 -> OP=0x4c, ARG=0x007100
  [18] 0x4d007780 -> OP=0x4d, ARG=0x007780
  [19] 0x42437000 -> OP=0x42, ARG=0x437000
  [20] 0x43c30800 -> OP=0x43, ARG=0xc30800
  [21] 0x45450000 -> OP=0x45, ARG=0x450000
  [22] 0x46450000 -> OP=0x46, ARG=0x450000
  [23] 0x44c69c40 -> OP=0x44, ARG=0xc69c40
  [24] 0x4746ea60 -> OP=0x47, ARG=0x46ea60
  [25] 0xd6002710 -> OP=0xd6, ARG=0x002710 (MINZ)
  [26] 0xd700c350 -> OP=0xd7, ARG=0x00c350 (MAXZ)
  [27] 0x0f000000 -> OP=0x0f, ARG=0x000000 (FINISH)
  [28] 0x0c000000 -> OP=0x0c, ARG=0x000000 (END)
[GE STATE] color=0x04000000 stride=512 format=3 depth=0x04110000 stride=512
[GE LIST] id=1 pc=0x08BB4424 status=0 stall=0x00000000 commands=212 completions=1 cb=-1
[GE LIST] id=2 pc=0x08D14674 status=0 stall=0x08D14674 commands=29 completions=1 cb=0
[VRAM WRITES] operations=0 bytes=0 changed=0 color=0 depth=0 min=0x00000000 max=0x00000000 nonzero=0
====================================================


=== Milestone Verification ===
Target:           module_start -> GE/Display init -> 0x08B1C594 frontier
Entry (0x8804108):   OK
SDK Ver (0x6020010): OK
Compiler Ver (0x30306): OK
Final PC (0x8b1c594): OK
Blocker opcode:    OK (jal 0x08B1C594 at 0x08AB315C)
Thread UID (2):      OK
Thread Name (user_main): OK
Stop Reason:      OK
Result:           [VERIFIED] Milestone passed

Execution milestone reached and verified successfully.
